train_data with frequency 'IRREG' has been resampled to frequency 'W-SUN'.
============================================================
MO_66 — AutoGluon-TimeSeries Run B (Mo domain features)
  Preset: medium_quality
  Past covariates  : 25
  Known covariates : ['week_of_year', 'weeks_since_launch']
============================================================

Loading outputs/retailer_sales_weekly.parquet …
  Rows: 147,882 | Series: 2,496 | Date range: 2023-07-16 → 2026-04-19
  tdp_wow_delta present: True

============================================================
Cutpoint: Dec 2024  (cutoff=2025-01-01, preset=medium_quality)
============================================================
  Train series  : 564  (≥52 wk history)
  Train rows    : 39,802
  Test rows     : 13,216
  Past covs     : 25 features
  Known covs    : ['week_of_year', 'weeks_since_launch']

Fitting AutoGluon (medium_quality) with Mo domain features …
	Warning: Exception caused Chronos2 to fail during training... Skipping this model.
Traceback (most recent call last):
  File "/opt/anaconda3/envs/mo-ml/lib/python3.12/site-packages/transformers/utils/import_utils.py", line 2317, in __getattr__
    module = self._get_module(self._class_to_module[name])
             ^^^^^^^^^^^^^^^^^^^^^^^^^^^^^^^^^^^^^^^^^^^^^
  File "/opt/anaconda3/envs/mo-ml/lib/python3.12/site-packages/transformers/utils/import_utils.py", line 2347, in _get_module
    raise e
  File "/opt/anaconda3/envs/mo-ml/lib/python3.12/site-packages/transformers/utils/import_utils.py", line 2345, in _get_module
    return importlib.import_module("." + module_name, self.__name__)
           ^^^^^^^^^^^^^^^^^^^^^^^^^^^^^^^^^^^^^^^^^^^^^^^^^^^^^^^^^
  File "/opt/anaconda3/envs/mo-ml/lib/python3.12/importlib/__init__.py", line 90, in import_module
    return _bootstrap._gcd_import(name[level:], package, level)
           ^^^^^^^^^^^^^^^^^^^^^^^^^^^^^^^^^^^^^^^^^^^^^^^^^^^^
  File "<frozen importlib._bootstrap>", line 1387, in _gcd_import
  File "<frozen importlib._bootstrap>", line 1360, in _find_and_load
  File "<frozen importlib._bootstrap>", line 1331, in _find_and_load_unlocked
  File "<frozen importlib._bootstrap>", line 935, in _load_unlocked
  File "<frozen importlib._bootstrap_external>", line 999, in exec_module
  File "<frozen importlib._bootstrap>", line 488, in _call_with_frames_removed
  File "/opt/anaconda3/envs/mo-ml/lib/python3.12/site-packages/transformers/modeling_utils.py", line 70, in <module>
    from .loss.loss_utils import LOSS_MAPPING
  File "/opt/anaconda3/envs/mo-ml/lib/python3.12/site-packages/transformers/loss/loss_utils.py", line 21, in <module>
    from .loss_d_fine import DFineForObjectDetectionLoss
  File "/opt/anaconda3/envs/mo-ml/lib/python3.12/site-packages/transformers/loss/loss_d_fine.py", line 21, in <module>
    from .loss_for_object_detection import (
  File "/opt/anaconda3/envs/mo-ml/lib/python3.12/site-packages/transformers/loss/loss_for_object_detection.py", line 32, in <module>
    from transformers.image_transforms import center_to_corners_format
  File "/opt/anaconda3/envs/mo-ml/lib/python3.12/site-packages/transformers/image_transforms.py", line 22, in <module>
    from .image_utils import (
  File "/opt/anaconda3/envs/mo-ml/lib/python3.12/site-packages/transformers/image_utils.py", line 55, in <module>
    from torchvision.transforms import InterpolationMode
  File "/opt/anaconda3/envs/mo-ml/lib/python3.12/site-packages/torchvision/__init__.py", line 8, in <module>
    from torchvision import (
  File "/opt/anaconda3/envs/mo-ml/lib/python3.12/site-packages/torchvision/_meta_registrations.py", line 163, in <module>
    @torch.library.register_fake("torchvision::nms")
     ^^^^^^^^^^^^^^^^^^^^^^^^^^^^^^^^^^^^^^^^^^^^^^^
  File "/opt/anaconda3/envs/mo-ml/lib/python3.12/site-packages/torch/library.py", line 1063, in register
    use_lib._register_fake(
  File "/opt/anaconda3/envs/mo-ml/lib/python3.12/site-packages/torch/library.py", line 211, in _register_fake
    handle = entry.fake_impl.register(
             ^^^^^^^^^^^^^^^^^^^^^^^^^
  File "/opt/anaconda3/envs/mo-ml/lib/python3.12/site-packages/torch/_library/fake_impl.py", line 50, in register
    if torch._C._dispatch_has_kernel_for_dispatch_key(self.qualname, "Meta"):
       ^^^^^^^^^^^^^^^^^^^^^^^^^^^^^^^^^^^^^^^^^^^^^^^^^^^^^^^^^^^^^^^^^^^^^
RuntimeError: operator torchvision::nms does not exist

The above exception was the direct cause of the following exception:

Traceback (most recent call last):
  File "/opt/anaconda3/envs/mo-ml/lib/python3.12/site-packages/autogluon/timeseries/trainer/trainer.py", line 353, in _train_and_save
    model.fit(
  File "/opt/anaconda3/envs/mo-ml/lib/python3.12/site-packages/autogluon/timeseries/models/abstract/abstract_timeseries_model.py", line 529, in fit
    self._fit(
  File "/opt/anaconda3/envs/mo-ml/lib/python3.12/site-packages/autogluon/timeseries/models/multi_window/multi_window_model.py", line 141, in _fit
    model.fit(
  File "/opt/anaconda3/envs/mo-ml/lib/python3.12/site-packages/autogluon/timeseries/models/abstract/abstract_timeseries_model.py", line 529, in fit
    self._fit(
  File "/opt/anaconda3/envs/mo-ml/lib/python3.12/site-packages/autogluon/timeseries/models/chronos/chronos2.py", line 147, in _fit
    self.load_model_pipeline()
  File "/opt/anaconda3/envs/mo-ml/lib/python3.12/site-packages/autogluon/timeseries/models/chronos/chronos2.py", line 276, in load_model_pipeline
    from chronos.chronos2.pipeline import Chronos2Pipeline
  File "/opt/anaconda3/envs/mo-ml/lib/python3.12/site-packages/chronos/__init__.py", line 6, in <module>
    from .chronos import (
  File "/opt/anaconda3/envs/mo-ml/lib/python3.12/site-packages/chronos/chronos.py", line 12, in <module>
    from transformers import (
  File "/opt/anaconda3/envs/mo-ml/lib/python3.12/site-packages/transformers/utils/import_utils.py", line 2320, in __getattr__
    raise ModuleNotFoundError(
ModuleNotFoundError: Could not import module 'PreTrainedModel'. Are this object's requirements defined correctly?

	Warning: Exception caused TemporalFusionTransformer to fail during training... Skipping this model.
Traceback (most recent call last):
  File "/opt/anaconda3/envs/mo-ml/lib/python3.12/site-packages/autogluon/timeseries/trainer/trainer.py", line 353, in _train_and_save
    model.fit(
  File "/opt/anaconda3/envs/mo-ml/lib/python3.12/site-packages/autogluon/timeseries/models/abstract/abstract_timeseries_model.py", line 529, in fit
    self._fit(
  File "/opt/anaconda3/envs/mo-ml/lib/python3.12/site-packages/autogluon/timeseries/models/multi_window/multi_window_model.py", line 141, in _fit
    model.fit(
  File "/opt/anaconda3/envs/mo-ml/lib/python3.12/site-packages/autogluon/timeseries/models/abstract/abstract_timeseries_model.py", line 529, in fit
    self._fit(
  File "/opt/anaconda3/envs/mo-ml/lib/python3.12/site-packages/autogluon/timeseries/models/gluonts/abstract.py", line 400, in _fit
    import lightning.pytorch  # noqa
    ^^^^^^^^^^^^^^^^^^^^^^^^
  File "/opt/anaconda3/envs/mo-ml/lib/python3.12/site-packages/lightning/__init__.py", line 20, in <module>
    from lightning.pytorch.callbacks import Callback  # noqa: E402
    ^^^^^^^^^^^^^^^^^^^^^^^^^^^^^^^^^^^^^^^^^^^^^^^^
  File "/opt/anaconda3/envs/mo-ml/lib/python3.12/site-packages/lightning/pytorch/__init__.py", line 27, in <module>
    from lightning.pytorch.callbacks import Callback  # noqa: E402
    ^^^^^^^^^^^^^^^^^^^^^^^^^^^^^^^^^^^^^^^^^^^^^^^^
  File "/opt/anaconda3/envs/mo-ml/lib/python3.12/site-packages/lightning/pytorch/callbacks/__init__.py", line 14, in <module>
    from lightning.pytorch.callbacks.batch_size_finder import BatchSizeFinder
  File "/opt/anaconda3/envs/mo-ml/lib/python3.12/site-packages/lightning/pytorch/callbacks/batch_size_finder.py", line 26, in <module>
    from lightning.pytorch.callbacks.callback import Callback
  File "/opt/anaconda3/envs/mo-ml/lib/python3.12/site-packages/lightning/pytorch/callbacks/callback.py", line 22, in <module>
    from lightning.pytorch.utilities.types import STEP_OUTPUT
  File "/opt/anaconda3/envs/mo-ml/lib/python3.12/site-packages/lightning/pytorch/utilities/types.py", line 36, in <module>
    from torchmetrics import Metric
  File "/opt/anaconda3/envs/mo-ml/lib/python3.12/site-packages/torchmetrics/__init__.py", line 37, in <module>
    from torchmetrics import functional  # noqa: E402
    ^^^^^^^^^^^^^^^^^^^^^^^^^^^^^^^^^^^
  File "/opt/anaconda3/envs/mo-ml/lib/python3.12/site-packages/torchmetrics/functional/__init__.py", line 56, in <module>
    from torchmetrics.functional.image._deprecated import (
  File "/opt/anaconda3/envs/mo-ml/lib/python3.12/site-packages/torchmetrics/functional/image/__init__.py", line 14, in <module>
    from torchmetrics.functional.image.arniqa import arniqa
  File "/opt/anaconda3/envs/mo-ml/lib/python3.12/site-packages/torchmetrics/functional/image/arniqa.py", line 31, in <module>
    from torchvision import transforms
  File "/opt/anaconda3/envs/mo-ml/lib/python3.12/site-packages/torchvision/__init__.py", line 8, in <module>
    from torchvision import (
  File "/opt/anaconda3/envs/mo-ml/lib/python3.12/site-packages/torchvision/_meta_registrations.py", line 163, in <module>
    @torch.library.register_fake("torchvision::nms")
     ^^^^^^^^^^^^^^^^^^^^^^^^^^^^^^^^^^^^^^^^^^^^^^^
  File "/opt/anaconda3/envs/mo-ml/lib/python3.12/site-packages/torch/library.py", line 1063, in register
    use_lib._register_fake(
  File "/opt/anaconda3/envs/mo-ml/lib/python3.12/site-packages/torch/library.py", line 211, in _register_fake
    handle = entry.fake_impl.register(
             ^^^^^^^^^^^^^^^^^^^^^^^^^
  File "/opt/anaconda3/envs/mo-ml/lib/python3.12/site-packages/torch/_library/fake_impl.py", line 50, in register
    if torch._C._dispatch_has_kernel_for_dispatch_key(self.qualname, "Meta"):
       ^^^^^^^^^^^^^^^^^^^^^^^^^^^^^^^^^^^^^^^^^^^^^^^^^^^^^^^^^^^^^^^^^^^^^
RuntimeError: operator torchvision::nms does not exist

data with frequency 'IRREG' has been resampled to frequency 'W-SUN'.
data with frequency 'IRREG' has been resampled to frequency 'W-SUN'.
train_data with frequency 'IRREG' has been resampled to frequency 'W-SUN'.
	Warning: Exception caused Chronos2 to fail during training... Skipping this model.
Traceback (most recent call last):
  File "/opt/anaconda3/envs/mo-ml/lib/python3.12/site-packages/transformers/utils/import_utils.py", line 2317, in __getattr__
    module = self._get_module(self._class_to_module[name])
             ^^^^^^^^^^^^^^^^^^^^^^^^^^^^^^^^^^^^^^^^^^^^^
  File "/opt/anaconda3/envs/mo-ml/lib/python3.12/site-packages/transformers/utils/import_utils.py", line 2347, in _get_module
    raise e
  File "/opt/anaconda3/envs/mo-ml/lib/python3.12/site-packages/transformers/utils/import_utils.py", line 2345, in _get_module
    return importlib.import_module("." + module_name, self.__name__)
           ^^^^^^^^^^^^^^^^^^^^^^^^^^^^^^^^^^^^^^^^^^^^^^^^^^^^^^^^^
  File "/opt/anaconda3/envs/mo-ml/lib/python3.12/importlib/__init__.py", line 90, in import_module
    return _bootstrap._gcd_import(name[level:], package, level)
           ^^^^^^^^^^^^^^^^^^^^^^^^^^^^^^^^^^^^^^^^^^^^^^^^^^^^
  File "<frozen importlib._bootstrap>", line 1387, in _gcd_import
  File "<frozen importlib._bootstrap>", line 1360, in _find_and_load
  File "<frozen importlib._bootstrap>", line 1331, in _find_and_load_unlocked
  File "<frozen importlib._bootstrap>", line 935, in _load_unlocked
  File "<frozen importlib._bootstrap_external>", line 999, in exec_module
  File "<frozen importlib._bootstrap>", line 488, in _call_with_frames_removed
  File "/opt/anaconda3/envs/mo-ml/lib/python3.12/site-packages/transformers/modeling_utils.py", line 70, in <module>
    from .loss.loss_utils import LOSS_MAPPING
  File "/opt/anaconda3/envs/mo-ml/lib/python3.12/site-packages/transformers/loss/loss_utils.py", line 21, in <module>
    from .loss_d_fine import DFineForObjectDetectionLoss
  File "/opt/anaconda3/envs/mo-ml/lib/python3.12/site-packages/transformers/loss/loss_d_fine.py", line 21, in <module>
    from .loss_for_object_detection import (
  File "/opt/anaconda3/envs/mo-ml/lib/python3.12/site-packages/transformers/loss/loss_for_object_detection.py", line 32, in <module>
    from transformers.image_transforms import center_to_corners_format
  File "/opt/anaconda3/envs/mo-ml/lib/python3.12/site-packages/transformers/image_transforms.py", line 22, in <module>
    from .image_utils import (
  File "/opt/anaconda3/envs/mo-ml/lib/python3.12/site-packages/transformers/image_utils.py", line 55, in <module>
    from torchvision.transforms import InterpolationMode
  File "/opt/anaconda3/envs/mo-ml/lib/python3.12/site-packages/torchvision/__init__.py", line 8, in <module>
    from torchvision import (
  File "/opt/anaconda3/envs/mo-ml/lib/python3.12/site-packages/torchvision/_meta_registrations.py", line 163, in <module>
    @torch.library.register_fake("torchvision::nms")
     ^^^^^^^^^^^^^^^^^^^^^^^^^^^^^^^^^^^^^^^^^^^^^^^
  File "/opt/anaconda3/envs/mo-ml/lib/python3.12/site-packages/torch/library.py", line 1063, in register
    use_lib._register_fake(
  File "/opt/anaconda3/envs/mo-ml/lib/python3.12/site-packages/torch/library.py", line 211, in _register_fake
    handle = entry.fake_impl.register(
             ^^^^^^^^^^^^^^^^^^^^^^^^^
  File "/opt/anaconda3/envs/mo-ml/lib/python3.12/site-packages/torch/_library/fake_impl.py", line 50, in register
    if torch._C._dispatch_has_kernel_for_dispatch_key(self.qualname, "Meta"):
       ^^^^^^^^^^^^^^^^^^^^^^^^^^^^^^^^^^^^^^^^^^^^^^^^^^^^^^^^^^^^^^^^^^^^^
RuntimeError: operator torchvision::nms does not exist

The above exception was the direct cause of the following exception:

Traceback (most recent call last):
  File "/opt/anaconda3/envs/mo-ml/lib/python3.12/site-packages/autogluon/timeseries/trainer/trainer.py", line 353, in _train_and_save
    model.fit(
  File "/opt/anaconda3/envs/mo-ml/lib/python3.12/site-packages/autogluon/timeseries/models/abstract/abstract_timeseries_model.py", line 529, in fit
    self._fit(
  File "/opt/anaconda3/envs/mo-ml/lib/python3.12/site-packages/autogluon/timeseries/models/multi_window/multi_window_model.py", line 141, in _fit
    model.fit(
  File "/opt/anaconda3/envs/mo-ml/lib/python3.12/site-packages/autogluon/timeseries/models/abstract/abstract_timeseries_model.py", line 529, in fit
    self._fit(
  File "/opt/anaconda3/envs/mo-ml/lib/python3.12/site-packages/autogluon/timeseries/models/chronos/chronos2.py", line 147, in _fit
    self.load_model_pipeline()
  File "/opt/anaconda3/envs/mo-ml/lib/python3.12/site-packages/autogluon/timeseries/models/chronos/chronos2.py", line 276, in load_model_pipeline
    from chronos.chronos2.pipeline import Chronos2Pipeline
  File "/opt/anaconda3/envs/mo-ml/lib/python3.12/site-packages/chronos/__init__.py", line 6, in <module>
    from .chronos import (
  File "/opt/anaconda3/envs/mo-ml/lib/python3.12/site-packages/chronos/chronos.py", line 12, in <module>
    from transformers import (
  File "/opt/anaconda3/envs/mo-ml/lib/python3.12/site-packages/transformers/utils/import_utils.py", line 2320, in __getattr__
    raise ModuleNotFoundError(
ModuleNotFoundError: Could not import module 'PreTrainedModel'. Are this object's requirements defined correctly?

	Warning: Exception caused TemporalFusionTransformer to fail during training... Skipping this model.
Traceback (most recent call last):
  File "/opt/anaconda3/envs/mo-ml/lib/python3.12/site-packages/autogluon/timeseries/trainer/trainer.py", line 353, in _train_and_save
    model.fit(
  File "/opt/anaconda3/envs/mo-ml/lib/python3.12/site-packages/autogluon/timeseries/models/abstract/abstract_timeseries_model.py", line 529, in fit
    self._fit(
  File "/opt/anaconda3/envs/mo-ml/lib/python3.12/site-packages/autogluon/timeseries/models/multi_window/multi_window_model.py", line 141, in _fit
    model.fit(
  File "/opt/anaconda3/envs/mo-ml/lib/python3.12/site-packages/autogluon/timeseries/models/abstract/abstract_timeseries_model.py", line 529, in fit
    self._fit(
  File "/opt/anaconda3/envs/mo-ml/lib/python3.12/site-packages/autogluon/timeseries/models/gluonts/abstract.py", line 400, in _fit
    import lightning.pytorch  # noqa
    ^^^^^^^^^^^^^^^^^^^^^^^^
  File "/opt/anaconda3/envs/mo-ml/lib/python3.12/site-packages/lightning/__init__.py", line 20, in <module>
    from lightning.pytorch.callbacks import Callback  # noqa: E402
    ^^^^^^^^^^^^^^^^^^^^^^^^^^^^^^^^^^^^^^^^^^^^^^^^
  File "/opt/anaconda3/envs/mo-ml/lib/python3.12/site-packages/lightning/pytorch/__init__.py", line 27, in <module>
    from lightning.pytorch.callbacks import Callback  # noqa: E402
    ^^^^^^^^^^^^^^^^^^^^^^^^^^^^^^^^^^^^^^^^^^^^^^^^
  File "/opt/anaconda3/envs/mo-ml/lib/python3.12/site-packages/lightning/pytorch/callbacks/__init__.py", line 14, in <module>
    from lightning.pytorch.callbacks.batch_size_finder import BatchSizeFinder
  File "/opt/anaconda3/envs/mo-ml/lib/python3.12/site-packages/lightning/pytorch/callbacks/batch_size_finder.py", line 26, in <module>
    from lightning.pytorch.callbacks.callback import Callback
  File "/opt/anaconda3/envs/mo-ml/lib/python3.12/site-packages/lightning/pytorch/callbacks/callback.py", line 22, in <module>
    from lightning.pytorch.utilities.types import STEP_OUTPUT
  File "/opt/anaconda3/envs/mo-ml/lib/python3.12/site-packages/lightning/pytorch/utilities/types.py", line 36, in <module>
    from torchmetrics import Metric
  File "/opt/anaconda3/envs/mo-ml/lib/python3.12/site-packages/torchmetrics/__init__.py", line 37, in <module>
    from torchmetrics import functional  # noqa: E402
    ^^^^^^^^^^^^^^^^^^^^^^^^^^^^^^^^^^^
  File "/opt/anaconda3/envs/mo-ml/lib/python3.12/site-packages/torchmetrics/functional/__init__.py", line 56, in <module>
    from torchmetrics.functional.image._deprecated import (
  File "/opt/anaconda3/envs/mo-ml/lib/python3.12/site-packages/torchmetrics/functional/image/__init__.py", line 14, in <module>
    from torchmetrics.functional.image.arniqa import arniqa
  File "/opt/anaconda3/envs/mo-ml/lib/python3.12/site-packages/torchmetrics/functional/image/arniqa.py", line 31, in <module>
    from torchvision import transforms
  File "/opt/anaconda3/envs/mo-ml/lib/python3.12/site-packages/torchvision/__init__.py", line 8, in <module>
    from torchvision import (
  File "/opt/anaconda3/envs/mo-ml/lib/python3.12/site-packages/torchvision/_meta_registrations.py", line 163, in <module>
    @torch.library.register_fake("torchvision::nms")
     ^^^^^^^^^^^^^^^^^^^^^^^^^^^^^^^^^^^^^^^^^^^^^^^
  File "/opt/anaconda3/envs/mo-ml/lib/python3.12/site-packages/torch/library.py", line 1063, in register
    use_lib._register_fake(
  File "/opt/anaconda3/envs/mo-ml/lib/python3.12/site-packages/torch/library.py", line 211, in _register_fake
    handle = entry.fake_impl.register(
             ^^^^^^^^^^^^^^^^^^^^^^^^^
  File "/opt/anaconda3/envs/mo-ml/lib/python3.12/site-packages/torch/_library/fake_impl.py", line 50, in register
    if torch._C._dispatch_has_kernel_for_dispatch_key(self.qualname, "Meta"):
       ^^^^^^^^^^^^^^^^^^^^^^^^^^^^^^^^^^^^^^^^^^^^^^^^^^^^^^^^^^^^^^^^^^^^^
RuntimeError: operator torchvision::nms does not exist

data with frequency 'IRREG' has been resampled to frequency 'W-SUN'.
data with frequency 'IRREG' has been resampled to frequency 'W-SUN'.
train_data with frequency 'IRREG' has been resampled to frequency 'W-SUN'.
	Warning: Exception caused Chronos2 to fail during training... Skipping this model.
Traceback (most recent call last):
  File "/opt/anaconda3/envs/mo-ml/lib/python3.12/site-packages/transformers/utils/import_utils.py", line 2317, in __getattr__
    module = self._get_module(self._class_to_module[name])
             ^^^^^^^^^^^^^^^^^^^^^^^^^^^^^^^^^^^^^^^^^^^^^
  File "/opt/anaconda3/envs/mo-ml/lib/python3.12/site-packages/transformers/utils/import_utils.py", line 2347, in _get_module
    raise e
  File "/opt/anaconda3/envs/mo-ml/lib/python3.12/site-packages/transformers/utils/import_utils.py", line 2345, in _get_module
    return importlib.import_module("." + module_name, self.__name__)
           ^^^^^^^^^^^^^^^^^^^^^^^^^^^^^^^^^^^^^^^^^^^^^^^^^^^^^^^^^
  File "/opt/anaconda3/envs/mo-ml/lib/python3.12/importlib/__init__.py", line 90, in import_module
    return _bootstrap._gcd_import(name[level:], package, level)
           ^^^^^^^^^^^^^^^^^^^^^^^^^^^^^^^^^^^^^^^^^^^^^^^^^^^^
  File "<frozen importlib._bootstrap>", line 1387, in _gcd_import
  File "<frozen importlib._bootstrap>", line 1360, in _find_and_load
  File "<frozen importlib._bootstrap>", line 1331, in _find_and_load_unlocked
  File "<frozen importlib._bootstrap>", line 935, in _load_unlocked
  File "<frozen importlib._bootstrap_external>", line 999, in exec_module
  File "<frozen importlib._bootstrap>", line 488, in _call_with_frames_removed
  File "/opt/anaconda3/envs/mo-ml/lib/python3.12/site-packages/transformers/modeling_utils.py", line 70, in <module>
    from .loss.loss_utils import LOSS_MAPPING
  File "/opt/anaconda3/envs/mo-ml/lib/python3.12/site-packages/transformers/loss/loss_utils.py", line 21, in <module>
    from .loss_d_fine import DFineForObjectDetectionLoss
  File "/opt/anaconda3/envs/mo-ml/lib/python3.12/site-packages/transformers/loss/loss_d_fine.py", line 21, in <module>
    from .loss_for_object_detection import (
  File "/opt/anaconda3/envs/mo-ml/lib/python3.12/site-packages/transformers/loss/loss_for_object_detection.py", line 32, in <module>
    from transformers.image_transforms import center_to_corners_format
  File "/opt/anaconda3/envs/mo-ml/lib/python3.12/site-packages/transformers/image_transforms.py", line 22, in <module>
    from .image_utils import (
  File "/opt/anaconda3/envs/mo-ml/lib/python3.12/site-packages/transformers/image_utils.py", line 55, in <module>
    from torchvision.transforms import InterpolationMode
  File "/opt/anaconda3/envs/mo-ml/lib/python3.12/site-packages/torchvision/__init__.py", line 8, in <module>
    from torchvision import (
  File "/opt/anaconda3/envs/mo-ml/lib/python3.12/site-packages/torchvision/_meta_registrations.py", line 163, in <module>
    @torch.library.register_fake("torchvision::nms")
     ^^^^^^^^^^^^^^^^^^^^^^^^^^^^^^^^^^^^^^^^^^^^^^^
  File "/opt/anaconda3/envs/mo-ml/lib/python3.12/site-packages/torch/library.py", line 1063, in register
    use_lib._register_fake(
  File "/opt/anaconda3/envs/mo-ml/lib/python3.12/site-packages/torch/library.py", line 211, in _register_fake
    handle = entry.fake_impl.register(
             ^^^^^^^^^^^^^^^^^^^^^^^^^
  File "/opt/anaconda3/envs/mo-ml/lib/python3.12/site-packages/torch/_library/fake_impl.py", line 50, in register
    if torch._C._dispatch_has_kernel_for_dispatch_key(self.qualname, "Meta"):
       ^^^^^^^^^^^^^^^^^^^^^^^^^^^^^^^^^^^^^^^^^^^^^^^^^^^^^^^^^^^^^^^^^^^^^
RuntimeError: operator torchvision::nms does not exist

The above exception was the direct cause of the following exception:

Traceback (most recent call last):
  File "/opt/anaconda3/envs/mo-ml/lib/python3.12/site-packages/autogluon/timeseries/trainer/trainer.py", line 353, in _train_and_save
    model.fit(
  File "/opt/anaconda3/envs/mo-ml/lib/python3.12/site-packages/autogluon/timeseries/models/abstract/abstract_timeseries_model.py", line 529, in fit
    self._fit(
  File "/opt/anaconda3/envs/mo-ml/lib/python3.12/site-packages/autogluon/timeseries/models/multi_window/multi_window_model.py", line 141, in _fit
    model.fit(
  File "/opt/anaconda3/envs/mo-ml/lib/python3.12/site-packages/autogluon/timeseries/models/abstract/abstract_timeseries_model.py", line 529, in fit
    self._fit(
  File "/opt/anaconda3/envs/mo-ml/lib/python3.12/site-packages/autogluon/timeseries/models/chronos/chronos2.py", line 147, in _fit
    self.load_model_pipeline()
  File "/opt/anaconda3/envs/mo-ml/lib/python3.12/site-packages/autogluon/timeseries/models/chronos/chronos2.py", line 276, in load_model_pipeline
    from chronos.chronos2.pipeline import Chronos2Pipeline
  File "/opt/anaconda3/envs/mo-ml/lib/python3.12/site-packages/chronos/__init__.py", line 6, in <module>
    from .chronos import (
  File "/opt/anaconda3/envs/mo-ml/lib/python3.12/site-packages/chronos/chronos.py", line 12, in <module>
    from transformers import (
  File "/opt/anaconda3/envs/mo-ml/lib/python3.12/site-packages/transformers/utils/import_utils.py", line 2320, in __getattr__
    raise ModuleNotFoundError(
ModuleNotFoundError: Could not import module 'PreTrainedModel'. Are this object's requirements defined correctly?

	Warning: Exception caused TemporalFusionTransformer to fail during training... Skipping this model.
Traceback (most recent call last):
  File "/opt/anaconda3/envs/mo-ml/lib/python3.12/site-packages/autogluon/timeseries/trainer/trainer.py", line 353, in _train_and_save
    model.fit(
  File "/opt/anaconda3/envs/mo-ml/lib/python3.12/site-packages/autogluon/timeseries/models/abstract/abstract_timeseries_model.py", line 529, in fit
    self._fit(
  File "/opt/anaconda3/envs/mo-ml/lib/python3.12/site-packages/autogluon/timeseries/models/multi_window/multi_window_model.py", line 141, in _fit
    model.fit(
  File "/opt/anaconda3/envs/mo-ml/lib/python3.12/site-packages/autogluon/timeseries/models/abstract/abstract_timeseries_model.py", line 529, in fit
    self._fit(
  File "/opt/anaconda3/envs/mo-ml/lib/python3.12/site-packages/autogluon/timeseries/models/gluonts/abstract.py", line 400, in _fit
    import lightning.pytorch  # noqa
    ^^^^^^^^^^^^^^^^^^^^^^^^
  File "/opt/anaconda3/envs/mo-ml/lib/python3.12/site-packages/lightning/__init__.py", line 20, in <module>
    from lightning.pytorch.callbacks import Callback  # noqa: E402
    ^^^^^^^^^^^^^^^^^^^^^^^^^^^^^^^^^^^^^^^^^^^^^^^^
  File "/opt/anaconda3/envs/mo-ml/lib/python3.12/site-packages/lightning/pytorch/__init__.py", line 27, in <module>
    from lightning.pytorch.callbacks import Callback  # noqa: E402
    ^^^^^^^^^^^^^^^^^^^^^^^^^^^^^^^^^^^^^^^^^^^^^^^^
  File "/opt/anaconda3/envs/mo-ml/lib/python3.12/site-packages/lightning/pytorch/callbacks/__init__.py", line 14, in <module>
    from lightning.pytorch.callbacks.batch_size_finder import BatchSizeFinder
  File "/opt/anaconda3/envs/mo-ml/lib/python3.12/site-packages/lightning/pytorch/callbacks/batch_size_finder.py", line 26, in <module>
    from lightning.pytorch.callbacks.callback import Callback
  File "/opt/anaconda3/envs/mo-ml/lib/python3.12/site-packages/lightning/pytorch/callbacks/callback.py", line 22, in <module>
    from lightning.pytorch.utilities.types import STEP_OUTPUT
  File "/opt/anaconda3/envs/mo-ml/lib/python3.12/site-packages/lightning/pytorch/utilities/types.py", line 36, in <module>
    from torchmetrics import Metric
  File "/opt/anaconda3/envs/mo-ml/lib/python3.12/site-packages/torchmetrics/__init__.py", line 37, in <module>
    from torchmetrics import functional  # noqa: E402
    ^^^^^^^^^^^^^^^^^^^^^^^^^^^^^^^^^^^
  File "/opt/anaconda3/envs/mo-ml/lib/python3.12/site-packages/torchmetrics/functional/__init__.py", line 56, in <module>
    from torchmetrics.functional.image._deprecated import (
  File "/opt/anaconda3/envs/mo-ml/lib/python3.12/site-packages/torchmetrics/functional/image/__init__.py", line 14, in <module>
    from torchmetrics.functional.image.arniqa import arniqa
  File "/opt/anaconda3/envs/mo-ml/lib/python3.12/site-packages/torchmetrics/functional/image/arniqa.py", line 31, in <module>
    from torchvision import transforms
  File "/opt/anaconda3/envs/mo-ml/lib/python3.12/site-packages/torchvision/__init__.py", line 8, in <module>
    from torchvision import (
  File "/opt/anaconda3/envs/mo-ml/lib/python3.12/site-packages/torchvision/_meta_registrations.py", line 163, in <module>
    @torch.library.register_fake("torchvision::nms")
     ^^^^^^^^^^^^^^^^^^^^^^^^^^^^^^^^^^^^^^^^^^^^^^^
  File "/opt/anaconda3/envs/mo-ml/lib/python3.12/site-packages/torch/library.py", line 1063, in register
    use_lib._register_fake(
  File "/opt/anaconda3/envs/mo-ml/lib/python3.12/site-packages/torch/library.py", line 211, in _register_fake
    handle = entry.fake_impl.register(
             ^^^^^^^^^^^^^^^^^^^^^^^^^
  File "/opt/anaconda3/envs/mo-ml/lib/python3.12/site-packages/torch/_library/fake_impl.py", line 50, in register
    if torch._C._dispatch_has_kernel_for_dispatch_key(self.qualname, "Meta"):
       ^^^^^^^^^^^^^^^^^^^^^^^^^^^^^^^^^^^^^^^^^^^^^^^^^^^^^^^^^^^^^^^^^^^^^
RuntimeError: operator torchvision::nms does not exist

data with frequency 'IRREG' has been resampled to frequency 'W-SUN'.
data with frequency 'IRREG' has been resampled to frequency 'W-SUN'.
Generating future known covariates …
Predicting …
  Matched 6,467 forecast × actual pairs
  wMAPE (q50)   : 52.02%

Leaderboard (Dec 2024):
           model  score_val  fit_time_marginal
WeightedEnsemble  -2.398487           0.129241
RecursiveTabular  -2.417325           0.987748
           Theta  -2.431370           0.053637
   SeasonalNaive  -2.580674           0.038558
             ETS  -2.624717           0.050076
   DirectTabular  -4.228078           1.340412

Feature importance (tabular component, top 15):
                       importance  stdev    n  p99_low  p99_high
base_units_lag13              0.0    0.0  0.0      NaN       NaN
arp                           0.0    0.0  0.0      NaN       NaN
base_units_wow_delta          0.0    0.0  0.0      NaN       NaN
arp_wow_delta                 0.0    0.0  0.0      NaN       NaN
base_units_roll13_avg         0.0    0.0  0.0      NaN       NaN
donor_count                   0.0    0.0  0.0      NaN       NaN
base_units_roll13_std         0.0    0.0  0.0      NaN       NaN
arp_roll8_avg                 0.0    0.0  0.0      NaN       NaN
base_units_lag4               0.0    0.0  0.0      NaN       NaN
base_units_roll4_avg          0.0    0.0  0.0      NaN       NaN
base_units_lag1               0.0    0.0  0.0      NaN       NaN
base_units_lag52              0.0    0.0  0.0      NaN       NaN
tdp_wow_delta                 0.0    0.0  0.0      NaN       NaN
arp_roll8_std                 0.0    0.0  0.0      NaN       NaN
base_units_roll8_std          0.0    0.0  0.0      NaN       NaN

============================================================
Cutpoint: Oct 2025  (cutoff=2025-10-01, preset=medium_quality)
============================================================
  Train series  : 815  (≥52 wk history)
  Train rows    : 72,510
  Test rows     : 18,132
  Past covs     : 25 features
  Known covs    : ['week_of_year', 'weeks_since_launch']

Fitting AutoGluon (medium_quality) with Mo domain features …
Generating future known covariates …
Predicting …
  Matched 6,757 forecast × actual pairs
  wMAPE (q50)   : 20.94%

Leaderboard (Oct 2025):
           model  score_val  fit_time_marginal
WeightedEnsemble  -2.570026           0.211148
   SeasonalNaive  -2.616838           0.055902
           Theta  -2.709846           0.079371
RecursiveTabular  -2.871936           0.842524
             ETS  -2.967547           0.079081
   DirectTabular  -5.891645           1.339745

Feature importance (tabular component, top 15):
                       importance     stdev    n   p99_low  p99_high
week_of_year             0.003142  0.006484  5.0 -0.010208  0.016492
arp                      0.000000  0.000000  0.0       NaN       NaN
base_units_wow_delta     0.000000  0.000000  0.0       NaN       NaN
arp_wow_delta            0.000000  0.000000  0.0       NaN       NaN
base_units_roll13_avg    0.000000  0.000000  0.0       NaN       NaN
donor_count              0.000000  0.000000  0.0       NaN       NaN
base_units_roll13_std    0.000000  0.000000  0.0       NaN       NaN
arp_roll8_avg            0.000000  0.000000  0.0       NaN       NaN
base_units_lag4          0.000000  0.000000  0.0       NaN       NaN
base_units_roll4_avg     0.000000  0.000000  0.0       NaN       NaN
base_units_lag1          0.000000  0.000000  0.0       NaN       NaN
base_units_lag52         0.000000  0.000000  0.0       NaN       NaN
tdp_wow_delta            0.000000  0.000000  0.0       NaN       NaN
base_units_lag13         0.000000  0.000000  0.0       NaN       NaN
base_units_roll8_std     0.000000  0.000000  0.0       NaN       NaN

============================================================
Cutpoint: Dec 2025  (cutoff=2026-01-01, preset=medium_quality)
============================================================
  Train series  : 920  (≥52 wk history)
  Train rows    : 85,219
  Test rows     : 21,829
  Past covs     : 25 features
  Known covs    : ['week_of_year', 'weeks_since_launch']

Fitting AutoGluon (medium_quality) with Mo domain features …
Generating future known covariates …
Predicting …
  Matched 7,806 forecast × actual pairs
  wMAPE (q50)   : 37.80%

Leaderboard (Dec 2025):
           model  score_val  fit_time_marginal
WeightedEnsemble  -3.540624           0.230851
   SeasonalNaive  -3.689365           0.065787
           Theta  -3.915121           0.109543
             ETS  -4.062552           0.105836
RecursiveTabular  -4.207859           1.006563
   DirectTabular  -4.792185           2.650927

Feature importance (tabular component, top 15):
                       importance     stdev    n   p99_low  p99_high
week_of_year             0.105296  0.023472  5.0  0.056967  0.153625
arp                      0.000000  0.000000  0.0       NaN       NaN
base_units_wow_delta     0.000000  0.000000  0.0       NaN       NaN
arp_wow_delta            0.000000  0.000000  0.0       NaN       NaN
base_units_roll13_avg    0.000000  0.000000  0.0       NaN       NaN
donor_count              0.000000  0.000000  0.0       NaN       NaN
base_units_roll13_std    0.000000  0.000000  0.0       NaN       NaN
arp_roll8_avg            0.000000  0.000000  0.0       NaN       NaN
base_units_lag4          0.000000  0.000000  0.0       NaN       NaN
base_units_roll4_avg     0.000000  0.000000  0.0       NaN       NaN
base_units_lag1          0.000000  0.000000  0.0       NaN       NaN
base_units_lag52         0.000000  0.000000  0.0       NaN       NaN
tdp_wow_delta            0.000000  0.000000  0.0       NaN       NaN
base_units_lag13         0.000000  0.000000  0.0       NaN       NaN
base_units_roll8_std     0.000000  0.000000  0.0       NaN       NaN

============================================================
SUMMARY — wMAPE comparison
============================================================
Model                       Dec 2024    Oct 2025    Dec 2025
------------------------------------------------------------
  LightGBM (Aevah)             28.7%        7.0%        4.3%
  MA 13wk                      50.4%       40.2%       24.6%
  Naive                        56.9%       37.5%       42.1%
  N-BEATS                      55.6%      117.9%       46.4%
  AutoGluon Run A              52.2%       20.6%       34.9%
  AutoGluon Run B              52.0%       20.9%       37.8%

Run B improvement vs. Run A (positive = domain features help):
  Dec 2024: 52.22% → 52.02% (+0.20pp, improvement)
  Oct 2025: 20.55% → 20.94% (-0.39pp, regression)
  Dec 2025: 34.92% → 37.80% (-2.88pp, regression)

Saved outputs/mo66_autogluon_metrics.json

Saved outputs/mo66_accuracy_comparison.png
Saved outputs/mo66_explainability.png

MO_66 complete.
